--------------------------------------------------------------------------------------
Timing Analyzer Summary
--------------------------------------------------------------------------------------

Type           : Worst-case tsu
Slack          : N/A
Required Time  : None
Actual Time    : 4.511 ns
From           : input_bit
To             : Instruction_Set:comb_3|mbed_data[0]
From Clock     : --
To Clock       : set_bit
Failed Paths   : 0

Type           : Worst-case tco
Slack          : N/A
Required Time  : None
Actual Time    : 9.005 ns
From           : Servo_Driver:launcher|pulse
To             : launch_pulse
From Clock     : clk
To Clock       : --
Failed Paths   : 0

Type           : Worst-case th
Slack          : N/A
Required Time  : None
Actual Time    : -4.263 ns
From           : input_bit
To             : Instruction_Set:comb_3|mbed_data[0]
From Clock     : --
To Clock       : set_bit
Failed Paths   : 0

Type           : Clock Setup: 'clk'
Slack          : N/A
Required Time  : None
Actual Time    : 228.47 MHz ( period = 4.377 ns )
From           : Servo_Driver:launcher|pulse_length[4]
To             : Servo_Driver:turntable|pulse
From Clock     : clk
To Clock       : clk
Failed Paths   : 0

Type           : Clock Setup: 'set_bit'
Slack          : N/A
Required Time  : None
Actual Time    : 291.04 MHz ( period = 3.436 ns )
From           : Instruction_Set:comb_3|pulse_count[0]
To             : Instruction_Set:comb_3|mbed_data[0]
From Clock     : set_bit
To Clock       : set_bit
Failed Paths   : 0

Type           : Total number of failed paths
Slack          : 
Required Time  : 
Actual Time    : 
From           : 
To             : 
From Clock     : 
To Clock       : 
Failed Paths   : 0

--------------------------------------------------------------------------------------

