Simulator report for FPGA_Main
Fri Feb 15 01:18:05 2019
Quartus II Version 9.1 Build 350 03/24/2010 Service Pack 2 SJ Web Edition


---------------------
; Table of Contents ;
---------------------
  1. Legal Notice
  2. Simulator Summary
  3. Simulator Settings
  4. Simulation Waveforms
  5. Coverage Summary
  6. Complete 1/0-Value Coverage
  7. Missing 1-Value Coverage
  8. Missing 0-Value Coverage
  9. Simulator INI Usage
 10. Simulator Messages



----------------
; Legal Notice ;
----------------
Copyright (C) 1991-2010 Altera Corporation
Your use of Altera Corporation's design tools, logic functions 
and other software and tools, and its AMPP partner logic 
functions, and any output files from any of the foregoing 
(including device programming or simulation files), and any 
associated documentation or information are expressly subject 
to the terms and conditions of the Altera Program License 
Subscription Agreement, Altera MegaCore Function License 
Agreement, or other applicable license agreement, including, 
without limitation, that your use is for the sole purpose of 
programming logic devices manufactured by Altera and sold by 
Altera or its authorized distributors.  Please refer to the 
applicable agreement for further details.



+--------------------------------------------+
; Simulator Summary                          ;
+-----------------------------+--------------+
; Type                        ; Value        ;
+-----------------------------+--------------+
; Simulation Start Time       ; 0 ps         ;
; Simulation End Time         ; 1.0 us       ;
; Simulation Netlist Size     ; 146 nodes    ;
; Simulation Coverage         ;      45.65 % ;
; Total Number of Transitions ; 749          ;
; Simulation Breakpoints      ; 0            ;
; Family                      ; Cyclone II   ;
; Device                      ; EP2C20F484C7 ;
+-----------------------------+--------------+


+---------------------------------------------------------------------------------------------------------------------------------------+
; Simulator Settings                                                                                                                    ;
+--------------------------------------------------------------------------------------------+--------------------------+---------------+
; Option                                                                                     ; Setting                  ; Default Value ;
+--------------------------------------------------------------------------------------------+--------------------------+---------------+
; Simulation mode                                                                            ; Timing                   ; Timing        ;
; Start time                                                                                 ; 0 ns                     ; 0 ns          ;
; End time                                                                                   ; 60 ms                    ;               ;
; Simulation results format                                                                  ; CVWF                     ;               ;
; Vector input source                                                                        ; FPGA_Main_SampleTest.vwf ;               ;
; Add pins automatically to simulation output waveforms                                      ; On                       ; On            ;
; Check outputs                                                                              ; Off                      ; Off           ;
; Report simulation coverage                                                                 ; On                       ; On            ;
; Display complete 1/0 value coverage report                                                 ; On                       ; On            ;
; Display missing 1-value coverage report                                                    ; On                       ; On            ;
; Display missing 0-value coverage report                                                    ; On                       ; On            ;
; Detect setup and hold time violations                                                      ; Off                      ; Off           ;
; Detect glitches                                                                            ; Off                      ; Off           ;
; Disable timing delays in Timing Simulation                                                 ; Off                      ; Off           ;
; Generate Signal Activity File                                                              ; Off                      ; Off           ;
; Generate VCD File for PowerPlay Power Analyzer                                             ; Off                      ; Off           ;
; Group bus channels in simulation results                                                   ; Off                      ; Off           ;
; Preserve fewer signal transitions to reduce memory requirements                            ; On                       ; On            ;
; Trigger vector comparison with the specified mode                                          ; INPUT_EDGE               ; INPUT_EDGE    ;
; Disable setup and hold time violations detection in input registers of bi-directional pins ; Off                      ; Off           ;
; Overwrite Waveform Inputs With Simulation Outputs                                          ; Off                      ;               ;
; Perform Glitch Filtering in Timing Simulation                                              ; Auto                     ; Auto          ;
+--------------------------------------------------------------------------------------------+--------------------------+---------------+


+----------------------+
; Simulation Waveforms ;
+----------------------+
Waveform report data cannot be output to ASCII.
Please use Quartus II to view the waveform report data.


+--------------------------------------------------------------------+
; Coverage Summary                                                   ;
+-----------------------------------------------------+--------------+
; Type                                                ; Value        ;
+-----------------------------------------------------+--------------+
; Total coverage as a percentage                      ;      45.65 % ;
; Total nodes checked                                 ; 146          ;
; Total output ports checked                          ; 184          ;
; Total output ports with complete 1/0-value coverage ; 84           ;
; Total output ports with no 1/0-value coverage       ; 67           ;
; Total output ports with no 1-value coverage         ; 77           ;
; Total output ports with no 0-value coverage         ; 90           ;
+-----------------------------------------------------+--------------+


The following table displays output ports that toggle between 1 and 0 during simulation.
+--------------------------------------------------------------------------------------------------------------------------------------------------------------------------------------------------------------------------------------------------------------------------------------------------------+
; Complete 1/0-Value Coverage                                                                                                                                                                                                                                                                            ;
+------------------------------------------------------------------------------------------------------------------------------------------+------------------------------------------------------------------------------------------------------------------------------------------+------------------+
; Node Name                                                                                                                                ; Output Port Name                                                                                                                         ; Output Port Type ;
+------------------------------------------------------------------------------------------------------------------------------------------+------------------------------------------------------------------------------------------------------------------------------------------+------------------+
; |FPGA_Main|Servo_Driver:comb_4|pulse                                                                                                     ; |FPGA_Main|Servo_Driver:comb_4|pulse                                                                                                     ; regout           ;
; |FPGA_Main|Servo_Driver:comb_4|counter[3]                                                                                                ; |FPGA_Main|Servo_Driver:comb_4|counter[3]                                                                                                ; regout           ;
; |FPGA_Main|Servo_Driver:comb_4|counter[2]                                                                                                ; |FPGA_Main|Servo_Driver:comb_4|counter[2]                                                                                                ; regout           ;
; |FPGA_Main|Servo_Driver:comb_4|counter[1]                                                                                                ; |FPGA_Main|Servo_Driver:comb_4|counter[1]                                                                                                ; regout           ;
; |FPGA_Main|Servo_Driver:comb_4|counter[0]                                                                                                ; |FPGA_Main|Servo_Driver:comb_4|counter[0]                                                                                                ; regout           ;
; |FPGA_Main|Servo_Driver:comb_4|counter[0]~20                                                                                             ; |FPGA_Main|Servo_Driver:comb_4|counter[0]~20                                                                                             ; combout          ;
; |FPGA_Main|Servo_Driver:comb_4|counter[0]~20                                                                                             ; |FPGA_Main|Servo_Driver:comb_4|counter[0]~21                                                                                             ; cout             ;
; |FPGA_Main|Servo_Driver:comb_4|counter[1]~22                                                                                             ; |FPGA_Main|Servo_Driver:comb_4|counter[1]~22                                                                                             ; combout          ;
; |FPGA_Main|Servo_Driver:comb_4|counter[1]~22                                                                                             ; |FPGA_Main|Servo_Driver:comb_4|counter[1]~23                                                                                             ; cout             ;
; |FPGA_Main|Servo_Driver:comb_4|counter[2]~24                                                                                             ; |FPGA_Main|Servo_Driver:comb_4|counter[2]~24                                                                                             ; combout          ;
; |FPGA_Main|Servo_Driver:comb_4|counter[2]~24                                                                                             ; |FPGA_Main|Servo_Driver:comb_4|counter[2]~25                                                                                             ; cout             ;
; |FPGA_Main|Servo_Driver:comb_4|counter[3]~26                                                                                             ; |FPGA_Main|Servo_Driver:comb_4|counter[3]~26                                                                                             ; combout          ;
; |FPGA_Main|Servo_Driver:comb_4|counter[3]~26                                                                                             ; |FPGA_Main|Servo_Driver:comb_4|counter[3]~27                                                                                             ; cout             ;
; |FPGA_Main|Servo_Driver:comb_4|counter[4]~28                                                                                             ; |FPGA_Main|Servo_Driver:comb_4|counter[4]~28                                                                                             ; combout          ;
; |FPGA_Main|Servo_Driver:comb_4|lpm_mult:Mult0|multcore:mult_core|mpar_add:padder|lpm_add_sub:adder[0]|add_sub_3ch:auto_generated|op_1~0  ; |FPGA_Main|Servo_Driver:comb_4|lpm_mult:Mult0|multcore:mult_core|mpar_add:padder|lpm_add_sub:adder[0]|add_sub_3ch:auto_generated|op_1~0  ; combout          ;
; |FPGA_Main|Servo_Driver:comb_4|lpm_mult:Mult0|multcore:mult_core|mpar_add:padder|lpm_add_sub:adder[0]|add_sub_3ch:auto_generated|op_1~0  ; |FPGA_Main|Servo_Driver:comb_4|lpm_mult:Mult0|multcore:mult_core|mpar_add:padder|lpm_add_sub:adder[0]|add_sub_3ch:auto_generated|op_1~1  ; cout             ;
; |FPGA_Main|Servo_Driver:comb_4|lpm_mult:Mult0|multcore:mult_core|mpar_add:padder|lpm_add_sub:adder[0]|add_sub_3ch:auto_generated|op_1~2  ; |FPGA_Main|Servo_Driver:comb_4|lpm_mult:Mult0|multcore:mult_core|mpar_add:padder|lpm_add_sub:adder[0]|add_sub_3ch:auto_generated|op_1~2  ; combout          ;
; |FPGA_Main|Servo_Driver:comb_4|lpm_mult:Mult0|multcore:mult_core|mpar_add:padder|lpm_add_sub:adder[0]|add_sub_3ch:auto_generated|op_1~2  ; |FPGA_Main|Servo_Driver:comb_4|lpm_mult:Mult0|multcore:mult_core|mpar_add:padder|lpm_add_sub:adder[0]|add_sub_3ch:auto_generated|op_1~3  ; cout             ;
; |FPGA_Main|Servo_Driver:comb_4|lpm_mult:Mult0|multcore:mult_core|mpar_add:padder|lpm_add_sub:adder[0]|add_sub_3ch:auto_generated|op_1~4  ; |FPGA_Main|Servo_Driver:comb_4|lpm_mult:Mult0|multcore:mult_core|mpar_add:padder|lpm_add_sub:adder[0]|add_sub_3ch:auto_generated|op_1~4  ; combout          ;
; |FPGA_Main|Servo_Driver:comb_4|lpm_mult:Mult0|multcore:mult_core|mpar_add:padder|lpm_add_sub:adder[0]|add_sub_3ch:auto_generated|op_1~4  ; |FPGA_Main|Servo_Driver:comb_4|lpm_mult:Mult0|multcore:mult_core|mpar_add:padder|lpm_add_sub:adder[0]|add_sub_3ch:auto_generated|op_1~5  ; cout             ;
; |FPGA_Main|Servo_Driver:comb_4|lpm_mult:Mult0|multcore:mult_core|mpar_add:padder|lpm_add_sub:adder[0]|add_sub_3ch:auto_generated|op_1~6  ; |FPGA_Main|Servo_Driver:comb_4|lpm_mult:Mult0|multcore:mult_core|mpar_add:padder|lpm_add_sub:adder[0]|add_sub_3ch:auto_generated|op_1~6  ; combout          ;
; |FPGA_Main|Servo_Driver:comb_4|lpm_mult:Mult0|multcore:mult_core|mpar_add:padder|lpm_add_sub:adder[0]|add_sub_3ch:auto_generated|op_1~6  ; |FPGA_Main|Servo_Driver:comb_4|lpm_mult:Mult0|multcore:mult_core|mpar_add:padder|lpm_add_sub:adder[0]|add_sub_3ch:auto_generated|op_1~7  ; cout             ;
; |FPGA_Main|Servo_Driver:comb_4|lpm_mult:Mult0|multcore:mult_core|mpar_add:padder|lpm_add_sub:adder[0]|add_sub_3ch:auto_generated|op_1~8  ; |FPGA_Main|Servo_Driver:comb_4|lpm_mult:Mult0|multcore:mult_core|mpar_add:padder|lpm_add_sub:adder[0]|add_sub_3ch:auto_generated|op_1~8  ; combout          ;
; |FPGA_Main|Servo_Driver:comb_4|lpm_mult:Mult0|multcore:mult_core|mpar_add:padder|lpm_add_sub:adder[0]|add_sub_3ch:auto_generated|op_1~8  ; |FPGA_Main|Servo_Driver:comb_4|lpm_mult:Mult0|multcore:mult_core|mpar_add:padder|lpm_add_sub:adder[0]|add_sub_3ch:auto_generated|op_1~9  ; cout             ;
; |FPGA_Main|Servo_Driver:comb_4|lpm_mult:Mult0|multcore:mult_core|mpar_add:padder|lpm_add_sub:adder[0]|add_sub_3ch:auto_generated|op_1~10 ; |FPGA_Main|Servo_Driver:comb_4|lpm_mult:Mult0|multcore:mult_core|mpar_add:padder|lpm_add_sub:adder[0]|add_sub_3ch:auto_generated|op_1~10 ; combout          ;
; |FPGA_Main|Servo_Driver:comb_4|lpm_mult:Mult0|multcore:mult_core|mpar_add:padder|lpm_add_sub:adder[0]|add_sub_3ch:auto_generated|op_1~10 ; |FPGA_Main|Servo_Driver:comb_4|lpm_mult:Mult0|multcore:mult_core|mpar_add:padder|lpm_add_sub:adder[0]|add_sub_3ch:auto_generated|op_1~11 ; cout             ;
; |FPGA_Main|Servo_Driver:comb_4|lpm_mult:Mult0|multcore:mult_core|mpar_add:padder|lpm_add_sub:adder[0]|add_sub_3ch:auto_generated|op_1~12 ; |FPGA_Main|Servo_Driver:comb_4|lpm_mult:Mult0|multcore:mult_core|mpar_add:padder|lpm_add_sub:adder[0]|add_sub_3ch:auto_generated|op_1~12 ; combout          ;
; |FPGA_Main|Servo_Driver:comb_4|lpm_mult:Mult0|multcore:mult_core|mpar_add:padder|lpm_add_sub:adder[0]|add_sub_3ch:auto_generated|op_1~14 ; |FPGA_Main|Servo_Driver:comb_4|lpm_mult:Mult0|multcore:mult_core|mpar_add:padder|lpm_add_sub:adder[0]|add_sub_3ch:auto_generated|op_1~14 ; combout          ;
; |FPGA_Main|Servo_Driver:comb_4|pulse_length[5]~12                                                                                        ; |FPGA_Main|Servo_Driver:comb_4|pulse_length[5]~12                                                                                        ; combout          ;
; |FPGA_Main|Servo_Driver:comb_4|pulse_length[5]~12                                                                                        ; |FPGA_Main|Servo_Driver:comb_4|pulse_length[5]~13                                                                                        ; cout             ;
; |FPGA_Main|Servo_Driver:comb_4|pulse_length[6]~14                                                                                        ; |FPGA_Main|Servo_Driver:comb_4|pulse_length[6]~14                                                                                        ; combout          ;
; |FPGA_Main|Servo_Driver:comb_4|pulse_length[6]~14                                                                                        ; |FPGA_Main|Servo_Driver:comb_4|pulse_length[6]~15                                                                                        ; cout             ;
; |FPGA_Main|Servo_Driver:comb_4|pulse_length[7]~16                                                                                        ; |FPGA_Main|Servo_Driver:comb_4|pulse_length[7]~16                                                                                        ; combout          ;
; |FPGA_Main|Servo_Driver:comb_4|pulse_length[7]~16                                                                                        ; |FPGA_Main|Servo_Driver:comb_4|pulse_length[7]~17                                                                                        ; cout             ;
; |FPGA_Main|Servo_Driver:comb_4|pulse_length[8]~18                                                                                        ; |FPGA_Main|Servo_Driver:comb_4|pulse_length[8]~18                                                                                        ; combout          ;
; |FPGA_Main|Servo_Driver:comb_4|pulse_length[8]~18                                                                                        ; |FPGA_Main|Servo_Driver:comb_4|pulse_length[8]~19                                                                                        ; cout             ;
; |FPGA_Main|Servo_Driver:comb_4|pulse_length[9]~20                                                                                        ; |FPGA_Main|Servo_Driver:comb_4|pulse_length[9]~20                                                                                        ; combout          ;
; |FPGA_Main|Servo_Driver:comb_4|pulse_length[9]~20                                                                                        ; |FPGA_Main|Servo_Driver:comb_4|pulse_length[9]~21                                                                                        ; cout             ;
; |FPGA_Main|Servo_Driver:comb_4|pulse_length[10]~22                                                                                       ; |FPGA_Main|Servo_Driver:comb_4|pulse_length[10]~22                                                                                       ; combout          ;
; |FPGA_Main|Servo_Driver:comb_4|pulse_length[10]~22                                                                                       ; |FPGA_Main|Servo_Driver:comb_4|pulse_length[10]~23                                                                                       ; cout             ;
; |FPGA_Main|Servo_Driver:comb_4|pulse_length[11]~24                                                                                       ; |FPGA_Main|Servo_Driver:comb_4|pulse_length[11]~24                                                                                       ; combout          ;
; |FPGA_Main|Servo_Driver:comb_4|pulse_length[11]~24                                                                                       ; |FPGA_Main|Servo_Driver:comb_4|pulse_length[11]~25                                                                                       ; cout             ;
; |FPGA_Main|Servo_Driver:comb_4|pulse_length[12]~26                                                                                       ; |FPGA_Main|Servo_Driver:comb_4|pulse_length[12]~26                                                                                       ; combout          ;
; |FPGA_Main|Servo_Driver:comb_4|pulse_length[13]~28                                                                                       ; |FPGA_Main|Servo_Driver:comb_4|pulse_length[13]~28                                                                                       ; combout          ;
; |FPGA_Main|mbed_data[0]~reg0                                                                                                             ; |FPGA_Main|mbed_data[0]~reg0                                                                                                             ; regout           ;
; |FPGA_Main|mbed_data[1]~reg0                                                                                                             ; |FPGA_Main|mbed_data[1]~reg0                                                                                                             ; regout           ;
; |FPGA_Main|mbed_data[2]~reg0                                                                                                             ; |FPGA_Main|mbed_data[2]~reg0                                                                                                             ; regout           ;
; |FPGA_Main|mbed_data[3]~reg0                                                                                                             ; |FPGA_Main|mbed_data[3]~reg0                                                                                                             ; regout           ;
; |FPGA_Main|mbed_data[4]~reg0                                                                                                             ; |FPGA_Main|mbed_data[4]~reg0                                                                                                             ; regout           ;
; |FPGA_Main|pulse_count[0]~reg0                                                                                                           ; |FPGA_Main|pulse_count[0]~reg0                                                                                                           ; regout           ;
; |FPGA_Main|pulse_count[1]~reg0                                                                                                           ; |FPGA_Main|pulse_count[1]~reg0                                                                                                           ; regout           ;
; |FPGA_Main|pulse_count[2]~reg0                                                                                                           ; |FPGA_Main|pulse_count[2]~reg0                                                                                                           ; regout           ;
; |FPGA_Main|pulse_count[3]~reg0                                                                                                           ; |FPGA_Main|pulse_count[3]~reg0                                                                                                           ; regout           ;
; |FPGA_Main|LessThan0~0                                                                                                                   ; |FPGA_Main|LessThan0~0                                                                                                                   ; combout          ;
; |FPGA_Main|mbed_data[0]~0                                                                                                                ; |FPGA_Main|mbed_data[0]~0                                                                                                                ; combout          ;
; |FPGA_Main|pulse_count~0                                                                                                                 ; |FPGA_Main|pulse_count~0                                                                                                                 ; combout          ;
; |FPGA_Main|pulse_count~1                                                                                                                 ; |FPGA_Main|pulse_count~1                                                                                                                 ; combout          ;
; |FPGA_Main|pulse_count~2                                                                                                                 ; |FPGA_Main|pulse_count~2                                                                                                                 ; combout          ;
; |FPGA_Main|pulse_count~3                                                                                                                 ; |FPGA_Main|pulse_count~3                                                                                                                 ; combout          ;
; |FPGA_Main|Servo_Driver:comb_4|lpm_mult:Mult0|multcore:mult_core|romout[1][9]~2                                                          ; |FPGA_Main|Servo_Driver:comb_4|lpm_mult:Mult0|multcore:mult_core|romout[1][9]~2                                                          ; combout          ;
; |FPGA_Main|Servo_Driver:comb_4|lpm_mult:Mult0|multcore:mult_core|romout[1][8]~3                                                          ; |FPGA_Main|Servo_Driver:comb_4|lpm_mult:Mult0|multcore:mult_core|romout[1][8]~3                                                          ; combout          ;
; |FPGA_Main|Servo_Driver:comb_4|lpm_mult:Mult0|multcore:mult_core|romout[1][7]~4                                                          ; |FPGA_Main|Servo_Driver:comb_4|lpm_mult:Mult0|multcore:mult_core|romout[1][7]~4                                                          ; combout          ;
; |FPGA_Main|Servo_Driver:comb_4|lpm_mult:Mult0|multcore:mult_core|romout[0][11]~5                                                         ; |FPGA_Main|Servo_Driver:comb_4|lpm_mult:Mult0|multcore:mult_core|romout[0][11]~5                                                         ; combout          ;
; |FPGA_Main|Servo_Driver:comb_4|lpm_mult:Mult0|multcore:mult_core|romout[0][10]~6                                                         ; |FPGA_Main|Servo_Driver:comb_4|lpm_mult:Mult0|multcore:mult_core|romout[0][10]~6                                                         ; combout          ;
; |FPGA_Main|Servo_Driver:comb_4|lpm_mult:Mult0|multcore:mult_core|romout[0][9]~7                                                          ; |FPGA_Main|Servo_Driver:comb_4|lpm_mult:Mult0|multcore:mult_core|romout[0][9]~7                                                          ; combout          ;
; |FPGA_Main|Servo_Driver:comb_4|lpm_mult:Mult0|multcore:mult_core|romout[0][8]~8                                                          ; |FPGA_Main|Servo_Driver:comb_4|lpm_mult:Mult0|multcore:mult_core|romout[0][8]~8                                                          ; combout          ;
; |FPGA_Main|Servo_Driver:comb_4|lpm_mult:Mult0|multcore:mult_core|romout[0][7]~9                                                          ; |FPGA_Main|Servo_Driver:comb_4|lpm_mult:Mult0|multcore:mult_core|romout[0][7]~9                                                          ; combout          ;
; |FPGA_Main|Servo_Driver:comb_4|pulse_length[4]~36                                                                                        ; |FPGA_Main|Servo_Driver:comb_4|pulse_length[4]~36                                                                                        ; combout          ;
; |FPGA_Main|mbed_data[0]                                                                                                                  ; |FPGA_Main|mbed_data[0]                                                                                                                  ; padio            ;
; |FPGA_Main|mbed_data[1]                                                                                                                  ; |FPGA_Main|mbed_data[1]                                                                                                                  ; padio            ;
; |FPGA_Main|mbed_data[2]                                                                                                                  ; |FPGA_Main|mbed_data[2]                                                                                                                  ; padio            ;
; |FPGA_Main|mbed_data[3]                                                                                                                  ; |FPGA_Main|mbed_data[3]                                                                                                                  ; padio            ;
; |FPGA_Main|mbed_data[4]                                                                                                                  ; |FPGA_Main|mbed_data[4]                                                                                                                  ; padio            ;
; |FPGA_Main|sample                                                                                                                        ; |FPGA_Main|sample                                                                                                                        ; padio            ;
; |FPGA_Main|pulse_count[0]                                                                                                                ; |FPGA_Main|pulse_count[0]                                                                                                                ; padio            ;
; |FPGA_Main|pulse_count[1]                                                                                                                ; |FPGA_Main|pulse_count[1]                                                                                                                ; padio            ;
; |FPGA_Main|pulse_count[2]                                                                                                                ; |FPGA_Main|pulse_count[2]                                                                                                                ; padio            ;
; |FPGA_Main|pulse_count[3]                                                                                                                ; |FPGA_Main|pulse_count[3]                                                                                                                ; padio            ;
; |FPGA_Main|output_ready                                                                                                                  ; |FPGA_Main|output_ready                                                                                                                  ; padio            ;
; |FPGA_Main|pulse                                                                                                                         ; |FPGA_Main|pulse                                                                                                                         ; padio            ;
; |FPGA_Main|mbed_pulse                                                                                                                    ; |FPGA_Main|mbed_pulse~corein                                                                                                             ; combout          ;
; |FPGA_Main|clk                                                                                                                           ; |FPGA_Main|clk~corein                                                                                                                    ; combout          ;
; |FPGA_Main|clk~clkctrl                                                                                                                   ; |FPGA_Main|clk~clkctrl                                                                                                                   ; outclk           ;
; |FPGA_Main|sample~reg0clkctrl                                                                                                            ; |FPGA_Main|sample~reg0clkctrl                                                                                                            ; outclk           ;
+------------------------------------------------------------------------------------------------------------------------------------------+------------------------------------------------------------------------------------------------------------------------------------------+------------------+


The following table displays output ports that do not toggle to 1 during simulation.
+--------------------------------------------------------------------------------------------------------------------------------------------------------------------------------------------------------------------------------------------------------------------------------------------------------+
; Missing 1-Value Coverage                                                                                                                                                                                                                                                                               ;
+------------------------------------------------------------------------------------------------------------------------------------------+------------------------------------------------------------------------------------------------------------------------------------------+------------------+
; Node Name                                                                                                                                ; Output Port Name                                                                                                                         ; Output Port Type ;
+------------------------------------------------------------------------------------------------------------------------------------------+------------------------------------------------------------------------------------------------------------------------------------------+------------------+
; |FPGA_Main|Servo_Driver:comb_4|counter[16]                                                                                               ; |FPGA_Main|Servo_Driver:comb_4|counter[16]                                                                                               ; regout           ;
; |FPGA_Main|Servo_Driver:comb_4|counter[15]                                                                                               ; |FPGA_Main|Servo_Driver:comb_4|counter[15]                                                                                               ; regout           ;
; |FPGA_Main|Servo_Driver:comb_4|pulse_length[15]                                                                                          ; |FPGA_Main|Servo_Driver:comb_4|pulse_length[15]                                                                                          ; regout           ;
; |FPGA_Main|Servo_Driver:comb_4|counter[14]                                                                                               ; |FPGA_Main|Servo_Driver:comb_4|counter[14]                                                                                               ; regout           ;
; |FPGA_Main|Servo_Driver:comb_4|pulse_length[14]                                                                                          ; |FPGA_Main|Servo_Driver:comb_4|pulse_length[14]                                                                                          ; regout           ;
; |FPGA_Main|Servo_Driver:comb_4|counter[13]                                                                                               ; |FPGA_Main|Servo_Driver:comb_4|counter[13]                                                                                               ; regout           ;
; |FPGA_Main|Servo_Driver:comb_4|pulse_length[13]                                                                                          ; |FPGA_Main|Servo_Driver:comb_4|pulse_length[13]                                                                                          ; regout           ;
; |FPGA_Main|Servo_Driver:comb_4|counter[12]                                                                                               ; |FPGA_Main|Servo_Driver:comb_4|counter[12]                                                                                               ; regout           ;
; |FPGA_Main|Servo_Driver:comb_4|pulse_length[12]                                                                                          ; |FPGA_Main|Servo_Driver:comb_4|pulse_length[12]                                                                                          ; regout           ;
; |FPGA_Main|Servo_Driver:comb_4|counter[11]                                                                                               ; |FPGA_Main|Servo_Driver:comb_4|counter[11]                                                                                               ; regout           ;
; |FPGA_Main|Servo_Driver:comb_4|counter[10]                                                                                               ; |FPGA_Main|Servo_Driver:comb_4|counter[10]                                                                                               ; regout           ;
; |FPGA_Main|Servo_Driver:comb_4|counter[9]                                                                                                ; |FPGA_Main|Servo_Driver:comb_4|counter[9]                                                                                                ; regout           ;
; |FPGA_Main|Servo_Driver:comb_4|counter[8]                                                                                                ; |FPGA_Main|Servo_Driver:comb_4|counter[8]                                                                                                ; regout           ;
; |FPGA_Main|Servo_Driver:comb_4|counter[7]                                                                                                ; |FPGA_Main|Servo_Driver:comb_4|counter[7]                                                                                                ; regout           ;
; |FPGA_Main|Servo_Driver:comb_4|counter[6]                                                                                                ; |FPGA_Main|Servo_Driver:comb_4|counter[6]                                                                                                ; regout           ;
; |FPGA_Main|Servo_Driver:comb_4|counter[5]                                                                                                ; |FPGA_Main|Servo_Driver:comb_4|counter[5]                                                                                                ; regout           ;
; |FPGA_Main|Servo_Driver:comb_4|LessThan0~1                                                                                               ; |FPGA_Main|Servo_Driver:comb_4|LessThan0~1                                                                                               ; cout             ;
; |FPGA_Main|Servo_Driver:comb_4|LessThan0~3                                                                                               ; |FPGA_Main|Servo_Driver:comb_4|LessThan0~3                                                                                               ; cout             ;
; |FPGA_Main|Servo_Driver:comb_4|LessThan0~5                                                                                               ; |FPGA_Main|Servo_Driver:comb_4|LessThan0~5                                                                                               ; cout             ;
; |FPGA_Main|Servo_Driver:comb_4|LessThan0~7                                                                                               ; |FPGA_Main|Servo_Driver:comb_4|LessThan0~7                                                                                               ; cout             ;
; |FPGA_Main|Servo_Driver:comb_4|LessThan0~11                                                                                              ; |FPGA_Main|Servo_Driver:comb_4|LessThan0~11                                                                                              ; cout             ;
; |FPGA_Main|Servo_Driver:comb_4|LessThan0~15                                                                                              ; |FPGA_Main|Servo_Driver:comb_4|LessThan0~15                                                                                              ; cout             ;
; |FPGA_Main|Servo_Driver:comb_4|LessThan0~19                                                                                              ; |FPGA_Main|Servo_Driver:comb_4|LessThan0~19                                                                                              ; cout             ;
; |FPGA_Main|Servo_Driver:comb_4|LessThan0~23                                                                                              ; |FPGA_Main|Servo_Driver:comb_4|LessThan0~23                                                                                              ; cout             ;
; |FPGA_Main|Servo_Driver:comb_4|LessThan0~27                                                                                              ; |FPGA_Main|Servo_Driver:comb_4|LessThan0~27                                                                                              ; cout             ;
; |FPGA_Main|Servo_Driver:comb_4|counter[17]                                                                                               ; |FPGA_Main|Servo_Driver:comb_4|counter[17]                                                                                               ; regout           ;
; |FPGA_Main|Servo_Driver:comb_4|counter[18]                                                                                               ; |FPGA_Main|Servo_Driver:comb_4|counter[18]                                                                                               ; regout           ;
; |FPGA_Main|Servo_Driver:comb_4|counter[19]                                                                                               ; |FPGA_Main|Servo_Driver:comb_4|counter[19]                                                                                               ; regout           ;
; |FPGA_Main|Servo_Driver:comb_4|counter[4]~28                                                                                             ; |FPGA_Main|Servo_Driver:comb_4|counter[4]~29                                                                                             ; cout             ;
; |FPGA_Main|Servo_Driver:comb_4|counter[5]~30                                                                                             ; |FPGA_Main|Servo_Driver:comb_4|counter[5]~30                                                                                             ; combout          ;
; |FPGA_Main|Servo_Driver:comb_4|counter[5]~30                                                                                             ; |FPGA_Main|Servo_Driver:comb_4|counter[5]~31                                                                                             ; cout             ;
; |FPGA_Main|Servo_Driver:comb_4|counter[6]~32                                                                                             ; |FPGA_Main|Servo_Driver:comb_4|counter[6]~32                                                                                             ; combout          ;
; |FPGA_Main|Servo_Driver:comb_4|counter[6]~32                                                                                             ; |FPGA_Main|Servo_Driver:comb_4|counter[6]~33                                                                                             ; cout             ;
; |FPGA_Main|Servo_Driver:comb_4|counter[7]~34                                                                                             ; |FPGA_Main|Servo_Driver:comb_4|counter[7]~34                                                                                             ; combout          ;
; |FPGA_Main|Servo_Driver:comb_4|counter[7]~34                                                                                             ; |FPGA_Main|Servo_Driver:comb_4|counter[7]~35                                                                                             ; cout             ;
; |FPGA_Main|Servo_Driver:comb_4|counter[8]~36                                                                                             ; |FPGA_Main|Servo_Driver:comb_4|counter[8]~36                                                                                             ; combout          ;
; |FPGA_Main|Servo_Driver:comb_4|counter[8]~36                                                                                             ; |FPGA_Main|Servo_Driver:comb_4|counter[8]~37                                                                                             ; cout             ;
; |FPGA_Main|Servo_Driver:comb_4|counter[9]~38                                                                                             ; |FPGA_Main|Servo_Driver:comb_4|counter[9]~38                                                                                             ; combout          ;
; |FPGA_Main|Servo_Driver:comb_4|counter[9]~38                                                                                             ; |FPGA_Main|Servo_Driver:comb_4|counter[9]~39                                                                                             ; cout             ;
; |FPGA_Main|Servo_Driver:comb_4|counter[10]~40                                                                                            ; |FPGA_Main|Servo_Driver:comb_4|counter[10]~40                                                                                            ; combout          ;
; |FPGA_Main|Servo_Driver:comb_4|counter[10]~40                                                                                            ; |FPGA_Main|Servo_Driver:comb_4|counter[10]~41                                                                                            ; cout             ;
; |FPGA_Main|Servo_Driver:comb_4|counter[11]~42                                                                                            ; |FPGA_Main|Servo_Driver:comb_4|counter[11]~42                                                                                            ; combout          ;
; |FPGA_Main|Servo_Driver:comb_4|counter[11]~42                                                                                            ; |FPGA_Main|Servo_Driver:comb_4|counter[11]~43                                                                                            ; cout             ;
; |FPGA_Main|Servo_Driver:comb_4|counter[12]~44                                                                                            ; |FPGA_Main|Servo_Driver:comb_4|counter[12]~44                                                                                            ; combout          ;
; |FPGA_Main|Servo_Driver:comb_4|counter[12]~44                                                                                            ; |FPGA_Main|Servo_Driver:comb_4|counter[12]~45                                                                                            ; cout             ;
; |FPGA_Main|Servo_Driver:comb_4|counter[13]~46                                                                                            ; |FPGA_Main|Servo_Driver:comb_4|counter[13]~46                                                                                            ; combout          ;
; |FPGA_Main|Servo_Driver:comb_4|counter[13]~46                                                                                            ; |FPGA_Main|Servo_Driver:comb_4|counter[13]~47                                                                                            ; cout             ;
; |FPGA_Main|Servo_Driver:comb_4|counter[14]~48                                                                                            ; |FPGA_Main|Servo_Driver:comb_4|counter[14]~48                                                                                            ; combout          ;
; |FPGA_Main|Servo_Driver:comb_4|counter[14]~48                                                                                            ; |FPGA_Main|Servo_Driver:comb_4|counter[14]~49                                                                                            ; cout             ;
; |FPGA_Main|Servo_Driver:comb_4|counter[15]~50                                                                                            ; |FPGA_Main|Servo_Driver:comb_4|counter[15]~50                                                                                            ; combout          ;
; |FPGA_Main|Servo_Driver:comb_4|counter[15]~50                                                                                            ; |FPGA_Main|Servo_Driver:comb_4|counter[15]~51                                                                                            ; cout             ;
; |FPGA_Main|Servo_Driver:comb_4|counter[16]~52                                                                                            ; |FPGA_Main|Servo_Driver:comb_4|counter[16]~52                                                                                            ; combout          ;
; |FPGA_Main|Servo_Driver:comb_4|counter[16]~52                                                                                            ; |FPGA_Main|Servo_Driver:comb_4|counter[16]~53                                                                                            ; cout             ;
; |FPGA_Main|Servo_Driver:comb_4|lpm_mult:Mult0|multcore:mult_core|mpar_add:padder|lpm_add_sub:adder[0]|add_sub_3ch:auto_generated|op_1~12 ; |FPGA_Main|Servo_Driver:comb_4|lpm_mult:Mult0|multcore:mult_core|mpar_add:padder|lpm_add_sub:adder[0]|add_sub_3ch:auto_generated|op_1~13 ; cout             ;
; |FPGA_Main|Servo_Driver:comb_4|lpm_mult:Mult0|multcore:mult_core|mpar_add:padder|lpm_add_sub:adder[0]|add_sub_3ch:auto_generated|op_1~14 ; |FPGA_Main|Servo_Driver:comb_4|lpm_mult:Mult0|multcore:mult_core|mpar_add:padder|lpm_add_sub:adder[0]|add_sub_3ch:auto_generated|op_1~15 ; cout             ;
; |FPGA_Main|Servo_Driver:comb_4|lpm_mult:Mult0|multcore:mult_core|mpar_add:padder|lpm_add_sub:adder[0]|add_sub_3ch:auto_generated|op_1~16 ; |FPGA_Main|Servo_Driver:comb_4|lpm_mult:Mult0|multcore:mult_core|mpar_add:padder|lpm_add_sub:adder[0]|add_sub_3ch:auto_generated|op_1~17 ; cout             ;
; |FPGA_Main|Servo_Driver:comb_4|lpm_mult:Mult0|multcore:mult_core|mpar_add:padder|lpm_add_sub:adder[0]|add_sub_3ch:auto_generated|op_1~18 ; |FPGA_Main|Servo_Driver:comb_4|lpm_mult:Mult0|multcore:mult_core|mpar_add:padder|lpm_add_sub:adder[0]|add_sub_3ch:auto_generated|op_1~18 ; combout          ;
; |FPGA_Main|Servo_Driver:comb_4|pulse_length[12]~26                                                                                       ; |FPGA_Main|Servo_Driver:comb_4|pulse_length[12]~27                                                                                       ; cout             ;
; |FPGA_Main|Servo_Driver:comb_4|pulse_length[13]~28                                                                                       ; |FPGA_Main|Servo_Driver:comb_4|pulse_length[13]~29                                                                                       ; cout             ;
; |FPGA_Main|Servo_Driver:comb_4|pulse_length[14]~30                                                                                       ; |FPGA_Main|Servo_Driver:comb_4|pulse_length[14]~30                                                                                       ; combout          ;
; |FPGA_Main|Servo_Driver:comb_4|pulse_length[14]~30                                                                                       ; |FPGA_Main|Servo_Driver:comb_4|pulse_length[14]~31                                                                                       ; cout             ;
; |FPGA_Main|Servo_Driver:comb_4|pulse_length[15]~32                                                                                       ; |FPGA_Main|Servo_Driver:comb_4|pulse_length[15]~32                                                                                       ; combout          ;
; |FPGA_Main|Servo_Driver:comb_4|counter[17]~54                                                                                            ; |FPGA_Main|Servo_Driver:comb_4|counter[17]~54                                                                                            ; combout          ;
; |FPGA_Main|Servo_Driver:comb_4|counter[17]~54                                                                                            ; |FPGA_Main|Servo_Driver:comb_4|counter[17]~55                                                                                            ; cout             ;
; |FPGA_Main|Servo_Driver:comb_4|counter[18]~56                                                                                            ; |FPGA_Main|Servo_Driver:comb_4|counter[18]~56                                                                                            ; combout          ;
; |FPGA_Main|Servo_Driver:comb_4|counter[18]~56                                                                                            ; |FPGA_Main|Servo_Driver:comb_4|counter[18]~57                                                                                            ; cout             ;
; |FPGA_Main|Servo_Driver:comb_4|counter[19]~58                                                                                            ; |FPGA_Main|Servo_Driver:comb_4|counter[19]~58                                                                                            ; combout          ;
; |FPGA_Main|mbed_data[7]~reg0                                                                                                             ; |FPGA_Main|mbed_data[7]~reg0                                                                                                             ; regout           ;
; |FPGA_Main|mbed_data[8]~reg0                                                                                                             ; |FPGA_Main|mbed_data[8]~reg0                                                                                                             ; regout           ;
; |FPGA_Main|Servo_Driver:comb_4|pulse_length[4]                                                                                           ; |FPGA_Main|Servo_Driver:comb_4|pulse_length[4]                                                                                           ; regout           ;
; |FPGA_Main|Servo_Driver:comb_4|pulse_length[3]                                                                                           ; |FPGA_Main|Servo_Driver:comb_4|pulse_length[3]                                                                                           ; regout           ;
; |FPGA_Main|Servo_Driver:comb_4|pulse_length[2]                                                                                           ; |FPGA_Main|Servo_Driver:comb_4|pulse_length[2]                                                                                           ; regout           ;
; |FPGA_Main|Servo_Driver:comb_4|LessThan0~30                                                                                              ; |FPGA_Main|Servo_Driver:comb_4|LessThan0~30                                                                                              ; combout          ;
; |FPGA_Main|Servo_Driver:comb_4|lpm_mult:Mult0|multcore:mult_core|romout[1][11]~0                                                         ; |FPGA_Main|Servo_Driver:comb_4|lpm_mult:Mult0|multcore:mult_core|romout[1][11]~0                                                         ; combout          ;
; |FPGA_Main|mbed_data[7]                                                                                                                  ; |FPGA_Main|mbed_data[7]                                                                                                                  ; padio            ;
; |FPGA_Main|mbed_data[8]                                                                                                                  ; |FPGA_Main|mbed_data[8]                                                                                                                  ; padio            ;
; |FPGA_Main|mbed_data[8]~reg0feeder                                                                                                       ; |FPGA_Main|mbed_data[8]~reg0feeder                                                                                                       ; combout          ;
+------------------------------------------------------------------------------------------------------------------------------------------+------------------------------------------------------------------------------------------------------------------------------------------+------------------+


The following table displays output ports that do not toggle to 0 during simulation.
+--------------------------------------------------------------------------------------------------------------------------------------------------------------------------------------------------------------------------------------------------------------------------------------------------------+
; Missing 0-Value Coverage                                                                                                                                                                                                                                                                               ;
+------------------------------------------------------------------------------------------------------------------------------------------+------------------------------------------------------------------------------------------------------------------------------------------+------------------+
; Node Name                                                                                                                                ; Output Port Name                                                                                                                         ; Output Port Type ;
+------------------------------------------------------------------------------------------------------------------------------------------+------------------------------------------------------------------------------------------------------------------------------------------+------------------+
; |FPGA_Main|Servo_Driver:comb_4|counter[16]                                                                                               ; |FPGA_Main|Servo_Driver:comb_4|counter[16]                                                                                               ; regout           ;
; |FPGA_Main|Servo_Driver:comb_4|pulse_length[16]                                                                                          ; |FPGA_Main|Servo_Driver:comb_4|pulse_length[16]                                                                                          ; regout           ;
; |FPGA_Main|Servo_Driver:comb_4|counter[15]                                                                                               ; |FPGA_Main|Servo_Driver:comb_4|counter[15]                                                                                               ; regout           ;
; |FPGA_Main|Servo_Driver:comb_4|pulse_length[15]                                                                                          ; |FPGA_Main|Servo_Driver:comb_4|pulse_length[15]                                                                                          ; regout           ;
; |FPGA_Main|Servo_Driver:comb_4|counter[14]                                                                                               ; |FPGA_Main|Servo_Driver:comb_4|counter[14]                                                                                               ; regout           ;
; |FPGA_Main|Servo_Driver:comb_4|pulse_length[14]                                                                                          ; |FPGA_Main|Servo_Driver:comb_4|pulse_length[14]                                                                                          ; regout           ;
; |FPGA_Main|Servo_Driver:comb_4|counter[13]                                                                                               ; |FPGA_Main|Servo_Driver:comb_4|counter[13]                                                                                               ; regout           ;
; |FPGA_Main|Servo_Driver:comb_4|pulse_length[13]                                                                                          ; |FPGA_Main|Servo_Driver:comb_4|pulse_length[13]                                                                                          ; regout           ;
; |FPGA_Main|Servo_Driver:comb_4|counter[12]                                                                                               ; |FPGA_Main|Servo_Driver:comb_4|counter[12]                                                                                               ; regout           ;
; |FPGA_Main|Servo_Driver:comb_4|pulse_length[12]                                                                                          ; |FPGA_Main|Servo_Driver:comb_4|pulse_length[12]                                                                                          ; regout           ;
; |FPGA_Main|Servo_Driver:comb_4|counter[11]                                                                                               ; |FPGA_Main|Servo_Driver:comb_4|counter[11]                                                                                               ; regout           ;
; |FPGA_Main|Servo_Driver:comb_4|pulse_length[11]                                                                                          ; |FPGA_Main|Servo_Driver:comb_4|pulse_length[11]                                                                                          ; regout           ;
; |FPGA_Main|Servo_Driver:comb_4|counter[10]                                                                                               ; |FPGA_Main|Servo_Driver:comb_4|counter[10]                                                                                               ; regout           ;
; |FPGA_Main|Servo_Driver:comb_4|pulse_length[10]                                                                                          ; |FPGA_Main|Servo_Driver:comb_4|pulse_length[10]                                                                                          ; regout           ;
; |FPGA_Main|Servo_Driver:comb_4|counter[9]                                                                                                ; |FPGA_Main|Servo_Driver:comb_4|counter[9]                                                                                                ; regout           ;
; |FPGA_Main|Servo_Driver:comb_4|pulse_length[9]                                                                                           ; |FPGA_Main|Servo_Driver:comb_4|pulse_length[9]                                                                                           ; regout           ;
; |FPGA_Main|Servo_Driver:comb_4|counter[8]                                                                                                ; |FPGA_Main|Servo_Driver:comb_4|counter[8]                                                                                                ; regout           ;
; |FPGA_Main|Servo_Driver:comb_4|pulse_length[8]                                                                                           ; |FPGA_Main|Servo_Driver:comb_4|pulse_length[8]                                                                                           ; regout           ;
; |FPGA_Main|Servo_Driver:comb_4|counter[7]                                                                                                ; |FPGA_Main|Servo_Driver:comb_4|counter[7]                                                                                                ; regout           ;
; |FPGA_Main|Servo_Driver:comb_4|pulse_length[7]                                                                                           ; |FPGA_Main|Servo_Driver:comb_4|pulse_length[7]                                                                                           ; regout           ;
; |FPGA_Main|Servo_Driver:comb_4|counter[6]                                                                                                ; |FPGA_Main|Servo_Driver:comb_4|counter[6]                                                                                                ; regout           ;
; |FPGA_Main|Servo_Driver:comb_4|pulse_length[6]                                                                                           ; |FPGA_Main|Servo_Driver:comb_4|pulse_length[6]                                                                                           ; regout           ;
; |FPGA_Main|Servo_Driver:comb_4|counter[5]                                                                                                ; |FPGA_Main|Servo_Driver:comb_4|counter[5]                                                                                                ; regout           ;
; |FPGA_Main|Servo_Driver:comb_4|pulse_length[5]                                                                                           ; |FPGA_Main|Servo_Driver:comb_4|pulse_length[5]                                                                                           ; regout           ;
; |FPGA_Main|Servo_Driver:comb_4|counter[4]                                                                                                ; |FPGA_Main|Servo_Driver:comb_4|counter[4]                                                                                                ; regout           ;
; |FPGA_Main|Servo_Driver:comb_4|LessThan0~1                                                                                               ; |FPGA_Main|Servo_Driver:comb_4|LessThan0~1                                                                                               ; cout             ;
; |FPGA_Main|Servo_Driver:comb_4|LessThan0~3                                                                                               ; |FPGA_Main|Servo_Driver:comb_4|LessThan0~3                                                                                               ; cout             ;
; |FPGA_Main|Servo_Driver:comb_4|LessThan0~5                                                                                               ; |FPGA_Main|Servo_Driver:comb_4|LessThan0~5                                                                                               ; cout             ;
; |FPGA_Main|Servo_Driver:comb_4|LessThan0~9                                                                                               ; |FPGA_Main|Servo_Driver:comb_4|LessThan0~9                                                                                               ; cout             ;
; |FPGA_Main|Servo_Driver:comb_4|LessThan0~13                                                                                              ; |FPGA_Main|Servo_Driver:comb_4|LessThan0~13                                                                                              ; cout             ;
; |FPGA_Main|Servo_Driver:comb_4|LessThan0~17                                                                                              ; |FPGA_Main|Servo_Driver:comb_4|LessThan0~17                                                                                              ; cout             ;
; |FPGA_Main|Servo_Driver:comb_4|LessThan0~21                                                                                              ; |FPGA_Main|Servo_Driver:comb_4|LessThan0~21                                                                                              ; cout             ;
; |FPGA_Main|Servo_Driver:comb_4|LessThan0~25                                                                                              ; |FPGA_Main|Servo_Driver:comb_4|LessThan0~25                                                                                              ; cout             ;
; |FPGA_Main|Servo_Driver:comb_4|LessThan0~28                                                                                              ; |FPGA_Main|Servo_Driver:comb_4|LessThan0~28                                                                                              ; combout          ;
; |FPGA_Main|Servo_Driver:comb_4|counter[17]                                                                                               ; |FPGA_Main|Servo_Driver:comb_4|counter[17]                                                                                               ; regout           ;
; |FPGA_Main|Servo_Driver:comb_4|counter[18]                                                                                               ; |FPGA_Main|Servo_Driver:comb_4|counter[18]                                                                                               ; regout           ;
; |FPGA_Main|Servo_Driver:comb_4|counter[19]                                                                                               ; |FPGA_Main|Servo_Driver:comb_4|counter[19]                                                                                               ; regout           ;
; |FPGA_Main|Servo_Driver:comb_4|counter[4]~28                                                                                             ; |FPGA_Main|Servo_Driver:comb_4|counter[4]~29                                                                                             ; cout             ;
; |FPGA_Main|Servo_Driver:comb_4|counter[5]~30                                                                                             ; |FPGA_Main|Servo_Driver:comb_4|counter[5]~30                                                                                             ; combout          ;
; |FPGA_Main|Servo_Driver:comb_4|counter[5]~30                                                                                             ; |FPGA_Main|Servo_Driver:comb_4|counter[5]~31                                                                                             ; cout             ;
; |FPGA_Main|Servo_Driver:comb_4|counter[6]~32                                                                                             ; |FPGA_Main|Servo_Driver:comb_4|counter[6]~32                                                                                             ; combout          ;
; |FPGA_Main|Servo_Driver:comb_4|counter[6]~32                                                                                             ; |FPGA_Main|Servo_Driver:comb_4|counter[6]~33                                                                                             ; cout             ;
; |FPGA_Main|Servo_Driver:comb_4|counter[7]~34                                                                                             ; |FPGA_Main|Servo_Driver:comb_4|counter[7]~34                                                                                             ; combout          ;
; |FPGA_Main|Servo_Driver:comb_4|counter[7]~34                                                                                             ; |FPGA_Main|Servo_Driver:comb_4|counter[7]~35                                                                                             ; cout             ;
; |FPGA_Main|Servo_Driver:comb_4|counter[8]~36                                                                                             ; |FPGA_Main|Servo_Driver:comb_4|counter[8]~36                                                                                             ; combout          ;
; |FPGA_Main|Servo_Driver:comb_4|counter[8]~36                                                                                             ; |FPGA_Main|Servo_Driver:comb_4|counter[8]~37                                                                                             ; cout             ;
; |FPGA_Main|Servo_Driver:comb_4|counter[9]~38                                                                                             ; |FPGA_Main|Servo_Driver:comb_4|counter[9]~38                                                                                             ; combout          ;
; |FPGA_Main|Servo_Driver:comb_4|counter[9]~38                                                                                             ; |FPGA_Main|Servo_Driver:comb_4|counter[9]~39                                                                                             ; cout             ;
; |FPGA_Main|Servo_Driver:comb_4|counter[10]~40                                                                                            ; |FPGA_Main|Servo_Driver:comb_4|counter[10]~40                                                                                            ; combout          ;
; |FPGA_Main|Servo_Driver:comb_4|counter[10]~40                                                                                            ; |FPGA_Main|Servo_Driver:comb_4|counter[10]~41                                                                                            ; cout             ;
; |FPGA_Main|Servo_Driver:comb_4|counter[11]~42                                                                                            ; |FPGA_Main|Servo_Driver:comb_4|counter[11]~42                                                                                            ; combout          ;
; |FPGA_Main|Servo_Driver:comb_4|counter[11]~42                                                                                            ; |FPGA_Main|Servo_Driver:comb_4|counter[11]~43                                                                                            ; cout             ;
; |FPGA_Main|Servo_Driver:comb_4|counter[12]~44                                                                                            ; |FPGA_Main|Servo_Driver:comb_4|counter[12]~44                                                                                            ; combout          ;
; |FPGA_Main|Servo_Driver:comb_4|counter[12]~44                                                                                            ; |FPGA_Main|Servo_Driver:comb_4|counter[12]~45                                                                                            ; cout             ;
; |FPGA_Main|Servo_Driver:comb_4|counter[13]~46                                                                                            ; |FPGA_Main|Servo_Driver:comb_4|counter[13]~46                                                                                            ; combout          ;
; |FPGA_Main|Servo_Driver:comb_4|counter[13]~46                                                                                            ; |FPGA_Main|Servo_Driver:comb_4|counter[13]~47                                                                                            ; cout             ;
; |FPGA_Main|Servo_Driver:comb_4|counter[14]~48                                                                                            ; |FPGA_Main|Servo_Driver:comb_4|counter[14]~48                                                                                            ; combout          ;
; |FPGA_Main|Servo_Driver:comb_4|counter[14]~48                                                                                            ; |FPGA_Main|Servo_Driver:comb_4|counter[14]~49                                                                                            ; cout             ;
; |FPGA_Main|Servo_Driver:comb_4|counter[15]~50                                                                                            ; |FPGA_Main|Servo_Driver:comb_4|counter[15]~50                                                                                            ; combout          ;
; |FPGA_Main|Servo_Driver:comb_4|counter[15]~50                                                                                            ; |FPGA_Main|Servo_Driver:comb_4|counter[15]~51                                                                                            ; cout             ;
; |FPGA_Main|Servo_Driver:comb_4|counter[16]~52                                                                                            ; |FPGA_Main|Servo_Driver:comb_4|counter[16]~52                                                                                            ; combout          ;
; |FPGA_Main|Servo_Driver:comb_4|counter[16]~52                                                                                            ; |FPGA_Main|Servo_Driver:comb_4|counter[16]~53                                                                                            ; cout             ;
; |FPGA_Main|Servo_Driver:comb_4|lpm_mult:Mult0|multcore:mult_core|mpar_add:padder|lpm_add_sub:adder[0]|add_sub_3ch:auto_generated|op_1~12 ; |FPGA_Main|Servo_Driver:comb_4|lpm_mult:Mult0|multcore:mult_core|mpar_add:padder|lpm_add_sub:adder[0]|add_sub_3ch:auto_generated|op_1~13 ; cout             ;
; |FPGA_Main|Servo_Driver:comb_4|lpm_mult:Mult0|multcore:mult_core|mpar_add:padder|lpm_add_sub:adder[0]|add_sub_3ch:auto_generated|op_1~14 ; |FPGA_Main|Servo_Driver:comb_4|lpm_mult:Mult0|multcore:mult_core|mpar_add:padder|lpm_add_sub:adder[0]|add_sub_3ch:auto_generated|op_1~15 ; cout             ;
; |FPGA_Main|Servo_Driver:comb_4|lpm_mult:Mult0|multcore:mult_core|mpar_add:padder|lpm_add_sub:adder[0]|add_sub_3ch:auto_generated|op_1~16 ; |FPGA_Main|Servo_Driver:comb_4|lpm_mult:Mult0|multcore:mult_core|mpar_add:padder|lpm_add_sub:adder[0]|add_sub_3ch:auto_generated|op_1~16 ; combout          ;
; |FPGA_Main|Servo_Driver:comb_4|lpm_mult:Mult0|multcore:mult_core|mpar_add:padder|lpm_add_sub:adder[0]|add_sub_3ch:auto_generated|op_1~16 ; |FPGA_Main|Servo_Driver:comb_4|lpm_mult:Mult0|multcore:mult_core|mpar_add:padder|lpm_add_sub:adder[0]|add_sub_3ch:auto_generated|op_1~17 ; cout             ;
; |FPGA_Main|Servo_Driver:comb_4|lpm_mult:Mult0|multcore:mult_core|mpar_add:padder|lpm_add_sub:adder[0]|add_sub_3ch:auto_generated|op_1~18 ; |FPGA_Main|Servo_Driver:comb_4|lpm_mult:Mult0|multcore:mult_core|mpar_add:padder|lpm_add_sub:adder[0]|add_sub_3ch:auto_generated|op_1~18 ; combout          ;
; |FPGA_Main|Servo_Driver:comb_4|pulse_length[12]~26                                                                                       ; |FPGA_Main|Servo_Driver:comb_4|pulse_length[12]~27                                                                                       ; cout             ;
; |FPGA_Main|Servo_Driver:comb_4|pulse_length[13]~28                                                                                       ; |FPGA_Main|Servo_Driver:comb_4|pulse_length[13]~29                                                                                       ; cout             ;
; |FPGA_Main|Servo_Driver:comb_4|pulse_length[15]~32                                                                                       ; |FPGA_Main|Servo_Driver:comb_4|pulse_length[15]~33                                                                                       ; cout             ;
; |FPGA_Main|Servo_Driver:comb_4|pulse_length[16]~34                                                                                       ; |FPGA_Main|Servo_Driver:comb_4|pulse_length[16]~34                                                                                       ; combout          ;
; |FPGA_Main|Servo_Driver:comb_4|counter[17]~54                                                                                            ; |FPGA_Main|Servo_Driver:comb_4|counter[17]~54                                                                                            ; combout          ;
; |FPGA_Main|Servo_Driver:comb_4|counter[17]~54                                                                                            ; |FPGA_Main|Servo_Driver:comb_4|counter[17]~55                                                                                            ; cout             ;
; |FPGA_Main|Servo_Driver:comb_4|counter[18]~56                                                                                            ; |FPGA_Main|Servo_Driver:comb_4|counter[18]~56                                                                                            ; combout          ;
; |FPGA_Main|Servo_Driver:comb_4|counter[18]~56                                                                                            ; |FPGA_Main|Servo_Driver:comb_4|counter[18]~57                                                                                            ; cout             ;
; |FPGA_Main|Servo_Driver:comb_4|counter[19]~58                                                                                            ; |FPGA_Main|Servo_Driver:comb_4|counter[19]~58                                                                                            ; combout          ;
; |FPGA_Main|mbed_data[5]~reg0                                                                                                             ; |FPGA_Main|mbed_data[5]~reg0                                                                                                             ; regout           ;
; |FPGA_Main|mbed_data[6]~reg0                                                                                                             ; |FPGA_Main|mbed_data[6]~reg0                                                                                                             ; regout           ;
; |FPGA_Main|mbed_data[7]~reg0                                                                                                             ; |FPGA_Main|mbed_data[7]~reg0                                                                                                             ; regout           ;
; |FPGA_Main|mbed_data[8]~reg0                                                                                                             ; |FPGA_Main|mbed_data[8]~reg0                                                                                                             ; regout           ;
; |FPGA_Main|Servo_Driver:comb_4|pulse_length[4]                                                                                           ; |FPGA_Main|Servo_Driver:comb_4|pulse_length[4]                                                                                           ; regout           ;
; |FPGA_Main|Servo_Driver:comb_4|pulse_length[3]                                                                                           ; |FPGA_Main|Servo_Driver:comb_4|pulse_length[3]                                                                                           ; regout           ;
; |FPGA_Main|Servo_Driver:comb_4|pulse_length[2]                                                                                           ; |FPGA_Main|Servo_Driver:comb_4|pulse_length[2]                                                                                           ; regout           ;
; |FPGA_Main|Servo_Driver:comb_4|lpm_mult:Mult0|multcore:mult_core|romout[1][11]~0                                                         ; |FPGA_Main|Servo_Driver:comb_4|lpm_mult:Mult0|multcore:mult_core|romout[1][11]~0                                                         ; combout          ;
; |FPGA_Main|Servo_Driver:comb_4|lpm_mult:Mult0|multcore:mult_core|romout[1][10]~1                                                         ; |FPGA_Main|Servo_Driver:comb_4|lpm_mult:Mult0|multcore:mult_core|romout[1][10]~1                                                         ; combout          ;
; |FPGA_Main|mbed_data[5]                                                                                                                  ; |FPGA_Main|mbed_data[5]                                                                                                                  ; padio            ;
; |FPGA_Main|mbed_data[6]                                                                                                                  ; |FPGA_Main|mbed_data[6]                                                                                                                  ; padio            ;
; |FPGA_Main|mbed_data[7]                                                                                                                  ; |FPGA_Main|mbed_data[7]                                                                                                                  ; padio            ;
; |FPGA_Main|mbed_data[8]                                                                                                                  ; |FPGA_Main|mbed_data[8]                                                                                                                  ; padio            ;
; |FPGA_Main|mbed_data[8]~reg0feeder                                                                                                       ; |FPGA_Main|mbed_data[8]~reg0feeder                                                                                                       ; combout          ;
+------------------------------------------------------------------------------------------------------------------------------------------+------------------------------------------------------------------------------------------------------------------------------------------+------------------+


+---------------------+
; Simulator INI Usage ;
+--------+------------+
; Option ; Usage      ;
+--------+------------+


+--------------------+
; Simulator Messages ;
+--------------------+
Info: *******************************************************************
Info: Running Quartus II Simulator
    Info: Version 9.1 Build 350 03/24/2010 Service Pack 2 SJ Web Edition
    Info: Processing started: Fri Feb 15 01:18:05 2019
Info: Command: quartus_sim --read_settings_files=on --write_settings_files=off FPGA_Main -c FPGA_Main
Info: Using vector source file "E:/My Stuff/University/Year 3/Robotics Project/GitHub Repos/FPGA-Servo-Control/Verilog/FPGA_Main_SampleTest.vwf"
Info: Option to preserve fewer signal transitions to reduce memory requirements is enabled
    Info: Simulation has been partitioned into sub-simulations according to the maximum transition count determined by the engine. Transitions from memory will be flushed out to disk at the end of each sub-simulation to reduce memory requirements.
Info: Simulation partitioned into 1 sub-simulations
Info: Simulation coverage is      45.65 %
Info: Number of transitions in simulation is 749
Info: Quartus II Simulator was successful. 0 errors, 0 warnings
    Info: Peak virtual memory: 170 megabytes
    Info: Processing ended: Fri Feb 15 01:18:05 2019
    Info: Elapsed time: 00:00:00
    Info: Total CPU time (on all processors): 00:00:00


