--------------------------------------------------------------------------------------
Timing Analyzer Summary
--------------------------------------------------------------------------------------

Type           : Worst-case tsu
Slack          : N/A
Required Time  : None
Actual Time    : 5.883 ns
From           : reset
To             : Instruction_Set:comb_3|pulse_count[0]
From Clock     : --
To Clock       : set_bit
Failed Paths   : 0

Type           : Worst-case tco
Slack          : N/A
Required Time  : None
Actual Time    : 9.809 ns
From           : Instruction_Set:comb_3|mbed_data[7]
To             : mbed_data[7]
From Clock     : set_bit
To Clock       : --
Failed Paths   : 0

Type           : Worst-case th
Slack          : N/A
Required Time  : None
Actual Time    : -3.590 ns
From           : input_bit
To             : Instruction_Set:comb_3|mbed_data[0]
From Clock     : --
To Clock       : set_bit
Failed Paths   : 0

Type           : Clock Setup: 'clk'
Slack          : N/A
Required Time  : None
Actual Time    : 161.58 MHz ( period = 6.189 ns )
From           : Servo_Driver:launcher|counter[2]
To             : Servo_Driver:launcher|pulse
From Clock     : clk
To Clock       : clk
Failed Paths   : 0

Type           : Clock Setup: 'set_bit'
Slack          : N/A
Required Time  : None
Actual Time    : 175.50 MHz ( period = 5.698 ns )
From           : Instruction_Set:comb_3|mbed_data[2]
To             : Servo_Driver:launcher|pulse_length[16]
From Clock     : set_bit
To Clock       : set_bit
Failed Paths   : 0

Type           : Clock Hold: 'set_bit'
Slack          : Not operational: Clock Skew > Data Delay
Required Time  : None
Actual Time    : N/A
From           : Instruction_Set:comb_3|mbed_data[3]
To             : Servo_Driver:launcher|pulse_length[6]
From Clock     : set_bit
To Clock       : set_bit
Failed Paths   : 74

Type           : Total number of failed paths
Slack          : 
Required Time  : 
Actual Time    : 
From           : 
To             : 
From Clock     : 
To Clock       : 
Failed Paths   : 74

--------------------------------------------------------------------------------------

